---
http_interactions:
- request:
    method: post
    uri: https://api.stripe.com/v1/customers
    body:
      encoding: UTF-8
      string: email=stripe%40example.org&name=Stripe+User
    headers:
      User-Agent:
      - Stripe/v1 RubyBindings/5.38.0 PayRails/3.0.0 (https://github.com/pay-rails/pay)
      Authorization:
      - Bearer <STRIPE_PRIVATE_KEY>
      Content-Type:
      - application/x-www-form-urlencoded
      X-Stripe-Client-Telemetry:
      - '{"last_request_metrics":{"request_id":"req_qwyRcjsUY9Yont","request_duration_ms":1}}'
      Stripe-Version:
      - '2020-08-27'
      X-Stripe-Client-User-Agent:
      - '{"application":{"name":"PayRails","partner_id":"pp_partner_IqhY0UExnJYLxg","url":"https://github.com/pay-rails/pay","version":"3.0.0"},"bindings_version":"5.38.0","lang":"ruby","lang_version":"3.0.2
        p107 (2021-07-07)","platform":"x86_64-darwin20","engine":"ruby","publisher":"stripe","uname":"Darwin
        Chriss-iMac.local 20.5.0 Darwin Kernel Version 20.5.0: Sat May  8 05:10:33
        PDT 2021; root:xnu-7195.121.3~9/RELEASE_X86_64 x86_64","hostname":"Chriss-iMac.local"}'
      Accept-Encoding:
      - gzip;q=1.0,deflate;q=0.6,identity;q=0.3
      Accept:
      - "*/*"
  response:
    status:
      code: 200
      message: OK
    headers:
      Server:
      - nginx
      Date:
      - Wed, 01 Sep 2021 14:57:25 GMT
      Content-Type:
      - application/json
      Content-Length:
      - '594'
      Connection:
      - keep-alive
      Access-Control-Allow-Credentials:
      - 'true'
      Access-Control-Allow-Methods:
      - GET, POST, HEAD, OPTIONS, DELETE
      Access-Control-Allow-Origin:
      - "*"
      Access-Control-Expose-Headers:
      - Request-Id, Stripe-Manage-Version, X-Stripe-External-Auth-Required, X-Stripe-Privileged-Session-Required
      Access-Control-Max-Age:
      - '300'
      Cache-Control:
      - no-cache, no-store
      Request-Id:
      - req_9qcyYZrXJ0j0qM
      Stripe-Version:
      - '2020-08-27'
      X-Stripe-C-Cost:
      - '0'
      Strict-Transport-Security:
      - max-age=31556926; includeSubDomains; preload
    body:
      encoding: UTF-8
      string: |
        {
          "id": "cus_K9DJc3jPkpWE8r",
          "object": "customer",
          "address": null,
          "balance": 0,
          "created": 1630508245,
          "currency": null,
          "default_source": null,
          "delinquent": false,
          "description": null,
          "discount": null,
          "email": "stripe@example.org",
          "invoice_prefix": "4CD7A76C",
          "invoice_settings": {
            "custom_fields": null,
            "default_payment_method": null,
            "footer": null
          },
          "livemode": false,
          "metadata": {
          },
          "name": "Stripe User",
          "next_invoice_sequence": 1,
          "phone": null,
          "preferred_locales": [

          ],
          "shipping": null,
          "tax_exempt": "none"
        }
  recorded_at: Wed, 01 Sep 2021 14:57:25 GMT
- request:
    method: post
    uri: https://api.stripe.com/v1/payment_methods/pm_card_visa/attach
    body:
      encoding: UTF-8
      string: customer=cus_K9DJc3jPkpWE8r
    headers:
      User-Agent:
      - Stripe/v1 RubyBindings/5.38.0 PayRails/3.0.0 (https://github.com/pay-rails/pay)
      Authorization:
      - Bearer <STRIPE_PRIVATE_KEY>
      Content-Type:
      - application/x-www-form-urlencoded
      X-Stripe-Client-Telemetry:
      - '{"last_request_metrics":{"request_id":"req_9qcyYZrXJ0j0qM","request_duration_ms":439}}'
      Stripe-Version:
      - '2020-08-27'
      X-Stripe-Client-User-Agent:
      - '{"application":{"name":"PayRails","partner_id":"pp_partner_IqhY0UExnJYLxg","url":"https://github.com/pay-rails/pay","version":"3.0.0"},"bindings_version":"5.38.0","lang":"ruby","lang_version":"3.0.2
        p107 (2021-07-07)","platform":"x86_64-darwin20","engine":"ruby","publisher":"stripe","uname":"Darwin
        Chriss-iMac.local 20.5.0 Darwin Kernel Version 20.5.0: Sat May  8 05:10:33
        PDT 2021; root:xnu-7195.121.3~9/RELEASE_X86_64 x86_64","hostname":"Chriss-iMac.local"}'
      Accept-Encoding:
      - gzip;q=1.0,deflate;q=0.6,identity;q=0.3
      Accept:
      - "*/*"
  response:
    status:
      code: 200
      message: OK
    headers:
      Server:
      - nginx
      Date:
      - Wed, 01 Sep 2021 14:57:26 GMT
      Content-Type:
      - application/json
      Content-Length:
      - '943'
      Connection:
      - keep-alive
      Access-Control-Allow-Credentials:
      - 'true'
      Access-Control-Allow-Methods:
      - GET, POST, HEAD, OPTIONS, DELETE
      Access-Control-Allow-Origin:
      - "*"
      Access-Control-Expose-Headers:
      - Request-Id, Stripe-Manage-Version, X-Stripe-External-Auth-Required, X-Stripe-Privileged-Session-Required
      Access-Control-Max-Age:
      - '300'
      Cache-Control:
      - no-cache, no-store
      Request-Id:
      - req_OpUztd2RJp9w5j
      Stripe-Version:
      - '2020-08-27'
      X-Stripe-C-Cost:
      - '4'
      Strict-Transport-Security:
      - max-age=31556926; includeSubDomains; preload
    body:
      encoding: UTF-8
      string: |
        {
          "id": "pm_1JUusUKXBGcbgpbZkKU0vUGd",
          "object": "payment_method",
          "billing_details": {
            "address": {
              "city": null,
              "country": null,
              "line1": null,
              "line2": null,
              "postal_code": null,
              "state": null
            },
            "email": null,
            "name": null,
            "phone": null
          },
          "card": {
            "brand": "visa",
            "checks": {
              "address_line1_check": null,
              "address_postal_code_check": null,
              "cvc_check": null
            },
            "country": "US",
            "exp_month": 9,
            "exp_year": 2022,
            "fingerprint": "w4XDzQOFakih5EZM",
            "funding": "credit",
            "generated_from": null,
            "last4": "4242",
            "networks": {
              "available": [
                "visa"
              ],
              "preferred": null
            },
            "three_d_secure_usage": {
              "supported": true
            },
            "wallet": null
          },
          "created": 1630508246,
          "customer": "cus_K9DJc3jPkpWE8r",
          "livemode": false,
          "metadata": {
          },
          "type": "card"
        }
  recorded_at: Wed, 01 Sep 2021 14:57:26 GMT
- request:
    method: post
    uri: https://api.stripe.com/v1/customers/cus_K9DJc3jPkpWE8r
    body:
      encoding: UTF-8
      string: invoice_settings[default_payment_method]=pm_1JUusUKXBGcbgpbZkKU0vUGd
    headers:
      User-Agent:
      - Stripe/v1 RubyBindings/5.38.0 PayRails/3.0.0 (https://github.com/pay-rails/pay)
      Authorization:
      - Bearer <STRIPE_PRIVATE_KEY>
      Content-Type:
      - application/x-www-form-urlencoded
      X-Stripe-Client-Telemetry:
      - '{"last_request_metrics":{"request_id":"req_OpUztd2RJp9w5j","request_duration_ms":865}}'
      Stripe-Version:
      - '2020-08-27'
      X-Stripe-Client-User-Agent:
      - '{"application":{"name":"PayRails","partner_id":"pp_partner_IqhY0UExnJYLxg","url":"https://github.com/pay-rails/pay","version":"3.0.0"},"bindings_version":"5.38.0","lang":"ruby","lang_version":"3.0.2
        p107 (2021-07-07)","platform":"x86_64-darwin20","engine":"ruby","publisher":"stripe","uname":"Darwin
        Chriss-iMac.local 20.5.0 Darwin Kernel Version 20.5.0: Sat May  8 05:10:33
        PDT 2021; root:xnu-7195.121.3~9/RELEASE_X86_64 x86_64","hostname":"Chriss-iMac.local"}'
      Accept-Encoding:
      - gzip;q=1.0,deflate;q=0.6,identity;q=0.3
      Accept:
      - "*/*"
  response:
    status:
      code: 200
      message: OK
    headers:
      Server:
      - nginx
      Date:
      - Wed, 01 Sep 2021 14:57:27 GMT
      Content-Type:
      - application/json
      Content-Length:
      - '619'
      Connection:
      - keep-alive
      Access-Control-Allow-Credentials:
      - 'true'
      Access-Control-Allow-Methods:
      - GET, POST, HEAD, OPTIONS, DELETE
      Access-Control-Allow-Origin:
      - "*"
      Access-Control-Expose-Headers:
      - Request-Id, Stripe-Manage-Version, X-Stripe-External-Auth-Required, X-Stripe-Privileged-Session-Required
      Access-Control-Max-Age:
      - '300'
      Cache-Control:
      - no-cache, no-store
      Request-Id:
      - req_mR7fbb5mZNMF4o
      Stripe-Version:
      - '2020-08-27'
      X-Stripe-C-Cost:
      - '0'
      Strict-Transport-Security:
      - max-age=31556926; includeSubDomains; preload
    body:
      encoding: UTF-8
      string: |
        {
          "id": "cus_K9DJc3jPkpWE8r",
          "object": "customer",
          "address": null,
          "balance": 0,
          "created": 1630508245,
          "currency": null,
          "default_source": null,
          "delinquent": false,
          "description": null,
          "discount": null,
          "email": "stripe@example.org",
          "invoice_prefix": "4CD7A76C",
          "invoice_settings": {
            "custom_fields": null,
            "default_payment_method": "pm_1JUusUKXBGcbgpbZkKU0vUGd",
            "footer": null
          },
          "livemode": false,
          "metadata": {
          },
          "name": "Stripe User",
          "next_invoice_sequence": 1,
          "phone": null,
          "preferred_locales": [

          ],
          "shipping": null,
          "tax_exempt": "none"
        }
  recorded_at: Wed, 01 Sep 2021 14:57:27 GMT
- request:
    method: post
    uri: https://api.stripe.com/v1/payment_methods/pm_card_visa/attach
    body:
      encoding: UTF-8
      string: customer=cus_K9DJc3jPkpWE8r
    headers:
      User-Agent:
      - Stripe/v1 RubyBindings/5.38.0 PayRails/3.0.0 (https://github.com/pay-rails/pay)
      Authorization:
      - Bearer <STRIPE_PRIVATE_KEY>
      Content-Type:
      - application/x-www-form-urlencoded
      X-Stripe-Client-Telemetry:
      - '{"last_request_metrics":{"request_id":"req_mR7fbb5mZNMF4o","request_duration_ms":421}}'
      Stripe-Version:
      - '2020-08-27'
      X-Stripe-Client-User-Agent:
      - '{"application":{"name":"PayRails","partner_id":"pp_partner_IqhY0UExnJYLxg","url":"https://github.com/pay-rails/pay","version":"3.0.0"},"bindings_version":"5.38.0","lang":"ruby","lang_version":"3.0.2
        p107 (2021-07-07)","platform":"x86_64-darwin20","engine":"ruby","publisher":"stripe","uname":"Darwin
        Chriss-iMac.local 20.5.0 Darwin Kernel Version 20.5.0: Sat May  8 05:10:33
        PDT 2021; root:xnu-7195.121.3~9/RELEASE_X86_64 x86_64","hostname":"Chriss-iMac.local"}'
      Accept-Encoding:
      - gzip;q=1.0,deflate;q=0.6,identity;q=0.3
      Accept:
      - "*/*"
  response:
    status:
      code: 200
      message: OK
    headers:
      Server:
      - nginx
      Date:
      - Wed, 01 Sep 2021 14:57:28 GMT
      Content-Type:
      - application/json
      Content-Length:
      - '943'
      Connection:
      - keep-alive
      Access-Control-Allow-Credentials:
      - 'true'
      Access-Control-Allow-Methods:
      - GET, POST, HEAD, OPTIONS, DELETE
      Access-Control-Allow-Origin:
      - "*"
      Access-Control-Expose-Headers:
      - Request-Id, Stripe-Manage-Version, X-Stripe-External-Auth-Required, X-Stripe-Privileged-Session-Required
      Access-Control-Max-Age:
      - '300'
      Cache-Control:
      - no-cache, no-store
      Request-Id:
      - req_ptvWp3QASOofBO
      Stripe-Version:
      - '2020-08-27'
      X-Stripe-C-Cost:
      - '4'
      Strict-Transport-Security:
      - max-age=31556926; includeSubDomains; preload
    body:
      encoding: UTF-8
      string: |
        {
          "id": "pm_1JUusVKXBGcbgpbZEFQ1Ug5w",
          "object": "payment_method",
          "billing_details": {
            "address": {
              "city": null,
              "country": null,
              "line1": null,
              "line2": null,
              "postal_code": null,
              "state": null
            },
            "email": null,
            "name": null,
            "phone": null
          },
          "card": {
            "brand": "visa",
            "checks": {
              "address_line1_check": null,
              "address_postal_code_check": null,
              "cvc_check": null
            },
            "country": "US",
            "exp_month": 9,
            "exp_year": 2022,
            "fingerprint": "w4XDzQOFakih5EZM",
            "funding": "credit",
            "generated_from": null,
            "last4": "4242",
            "networks": {
              "available": [
                "visa"
              ],
              "preferred": null
            },
            "three_d_secure_usage": {
              "supported": true
            },
            "wallet": null
          },
          "created": 1630508247,
          "customer": "cus_K9DJc3jPkpWE8r",
          "livemode": false,
          "metadata": {
          },
          "type": "card"
        }
  recorded_at: Wed, 01 Sep 2021 14:57:28 GMT
- request:
    method: post
    uri: https://api.stripe.com/v1/customers/cus_K9DJc3jPkpWE8r
    body:
      encoding: UTF-8
      string: invoice_settings[default_payment_method]=pm_1JUusVKXBGcbgpbZEFQ1Ug5w
    headers:
      User-Agent:
      - Stripe/v1 RubyBindings/5.38.0 PayRails/3.0.0 (https://github.com/pay-rails/pay)
      Authorization:
      - Bearer <STRIPE_PRIVATE_KEY>
      Content-Type:
      - application/x-www-form-urlencoded
      X-Stripe-Client-Telemetry:
      - '{"last_request_metrics":{"request_id":"req_ptvWp3QASOofBO","request_duration_ms":960}}'
      Stripe-Version:
      - '2020-08-27'
      X-Stripe-Client-User-Agent:
      - '{"application":{"name":"PayRails","partner_id":"pp_partner_IqhY0UExnJYLxg","url":"https://github.com/pay-rails/pay","version":"3.0.0"},"bindings_version":"5.38.0","lang":"ruby","lang_version":"3.0.2
        p107 (2021-07-07)","platform":"x86_64-darwin20","engine":"ruby","publisher":"stripe","uname":"Darwin
        Chriss-iMac.local 20.5.0 Darwin Kernel Version 20.5.0: Sat May  8 05:10:33
        PDT 2021; root:xnu-7195.121.3~9/RELEASE_X86_64 x86_64","hostname":"Chriss-iMac.local"}'
      Accept-Encoding:
      - gzip;q=1.0,deflate;q=0.6,identity;q=0.3
      Accept:
      - "*/*"
  response:
    status:
      code: 200
      message: OK
    headers:
      Server:
      - nginx
      Date:
      - Wed, 01 Sep 2021 14:57:28 GMT
      Content-Type:
      - application/json
      Content-Length:
      - '619'
      Connection:
      - keep-alive
      Access-Control-Allow-Credentials:
      - 'true'
      Access-Control-Allow-Methods:
      - GET, POST, HEAD, OPTIONS, DELETE
      Access-Control-Allow-Origin:
      - "*"
      Access-Control-Expose-Headers:
      - Request-Id, Stripe-Manage-Version, X-Stripe-External-Auth-Required, X-Stripe-Privileged-Session-Required
      Access-Control-Max-Age:
      - '300'
      Cache-Control:
      - no-cache, no-store
      Request-Id:
      - req_oxlKbXtlUVMdul
      Stripe-Version:
      - '2020-08-27'
      X-Stripe-C-Cost:
      - '0'
      Strict-Transport-Security:
      - max-age=31556926; includeSubDomains; preload
    body:
      encoding: UTF-8
      string: |
        {
          "id": "cus_K9DJc3jPkpWE8r",
          "object": "customer",
          "address": null,
          "balance": 0,
          "created": 1630508245,
          "currency": null,
          "default_source": null,
          "delinquent": false,
          "description": null,
          "discount": null,
          "email": "stripe@example.org",
          "invoice_prefix": "4CD7A76C",
          "invoice_settings": {
            "custom_fields": null,
            "default_payment_method": "pm_1JUusVKXBGcbgpbZEFQ1Ug5w",
            "footer": null
          },
          "livemode": false,
          "metadata": {
          },
          "name": "Stripe User",
          "next_invoice_sequence": 1,
          "phone": null,
          "preferred_locales": [

          ],
          "shipping": null,
          "tax_exempt": "none"
        }
  recorded_at: Wed, 01 Sep 2021 14:57:28 GMT
- request:
    method: post
    uri: https://api.stripe.com/v1/payment_intents
    body:
      encoding: UTF-8
      string: amount=2900&confirm=true&confirmation_method=automatic&currency=usd&customer=cus_K9DJc3jPkpWE8r&payment_method=pm_1JUusVKXBGcbgpbZEFQ1Ug5w
    headers:
      User-Agent:
      - Stripe/v1 RubyBindings/5.38.0 PayRails/3.0.0 (https://github.com/pay-rails/pay)
      Authorization:
      - Bearer <STRIPE_PRIVATE_KEY>
      Content-Type:
      - application/x-www-form-urlencoded
      X-Stripe-Client-Telemetry:
      - '{"last_request_metrics":{"request_id":"req_oxlKbXtlUVMdul","request_duration_ms":470}}'
      Stripe-Version:
      - '2020-08-27'
      X-Stripe-Client-User-Agent:
      - '{"application":{"name":"PayRails","partner_id":"pp_partner_IqhY0UExnJYLxg","url":"https://github.com/pay-rails/pay","version":"3.0.0"},"bindings_version":"5.38.0","lang":"ruby","lang_version":"3.0.2
        p107 (2021-07-07)","platform":"x86_64-darwin20","engine":"ruby","publisher":"stripe","uname":"Darwin
        Chriss-iMac.local 20.5.0 Darwin Kernel Version 20.5.0: Sat May  8 05:10:33
        PDT 2021; root:xnu-7195.121.3~9/RELEASE_X86_64 x86_64","hostname":"Chriss-iMac.local"}'
      Accept-Encoding:
      - gzip;q=1.0,deflate;q=0.6,identity;q=0.3
      Accept:
      - "*/*"
  response:
    status:
      code: 200
      message: OK
    headers:
      Server:
      - nginx
      Date:
      - Wed, 01 Sep 2021 14:57:30 GMT
      Content-Type:
      - application/json
      Content-Length:
      - '4263'
      Connection:
      - keep-alive
      Access-Control-Allow-Credentials:
      - 'true'
      Access-Control-Allow-Methods:
      - GET, POST, HEAD, OPTIONS, DELETE
      Access-Control-Allow-Origin:
      - "*"
      Access-Control-Expose-Headers:
      - Request-Id, Stripe-Manage-Version, X-Stripe-External-Auth-Required, X-Stripe-Privileged-Session-Required
      Access-Control-Max-Age:
      - '300'
      Cache-Control:
      - no-cache, no-store
      Request-Id:
      - req_MpgIYUQ5k7yMAH
      Stripe-Version:
      - '2020-08-27'
      X-Stripe-C-Cost:
      - '7'
      Strict-Transport-Security:
      - max-age=31556926; includeSubDomains; preload
    body:
      encoding: UTF-8
      string: |
        {
          "id": "pi_3JUusWKXBGcbgpbZ1yUtoKiL",
          "object": "payment_intent",
          "amount": 2900,
          "amount_capturable": 0,
          "amount_received": 2900,
          "application": null,
          "application_fee_amount": null,
          "canceled_at": null,
          "cancellation_reason": null,
          "capture_method": "automatic",
          "charges": {
            "object": "list",
            "data": [
              {
                "id": "ch_3JUusWKXBGcbgpbZ1utqEI2C",
                "object": "charge",
                "amount": 2900,
                "amount_captured": 2900,
                "amount_refunded": 0,
                "application": null,
                "application_fee": null,
                "application_fee_amount": null,
                "balance_transaction": "txn_3JUusWKXBGcbgpbZ155oMRpQ",
                "billing_details": {
                  "address": {
                    "city": null,
                    "country": null,
                    "line1": null,
                    "line2": null,
                    "postal_code": null,
                    "state": null
                  },
                  "email": null,
                  "name": null,
                  "phone": null
                },
                "calculated_statement_descriptor": "PAY RAILS",
                "captured": true,
                "created": 1630508249,
                "currency": "usd",
                "customer": "cus_K9DJc3jPkpWE8r",
                "description": null,
                "destination": null,
                "dispute": null,
                "disputed": false,
                "failure_code": null,
                "failure_message": null,
                "fraud_details": {
                },
                "invoice": null,
                "livemode": false,
                "metadata": {
                },
                "on_behalf_of": null,
                "order": null,
                "outcome": {
                  "network_status": "approved_by_network",
                  "reason": null,
                  "risk_level": "normal",
                  "risk_score": 46,
                  "seller_message": "Payment complete.",
                  "type": "authorized"
                },
                "paid": true,
                "payment_intent": "pi_3JUusWKXBGcbgpbZ1yUtoKiL",
                "payment_method": "pm_1JUusVKXBGcbgpbZEFQ1Ug5w",
                "payment_method_details": {
                  "card": {
                    "brand": "visa",
                    "checks": {
                      "address_line1_check": null,
                      "address_postal_code_check": null,
                      "cvc_check": null
                    },
                    "country": "US",
                    "exp_month": 9,
                    "exp_year": 2022,
                    "fingerprint": "w4XDzQOFakih5EZM",
                    "funding": "credit",
                    "installments": null,
                    "last4": "4242",
                    "network": "visa",
                    "three_d_secure": null,
                    "wallet": null
                  },
                  "type": "card"
                },
                "receipt_email": null,
                "receipt_number": null,
                "receipt_url": "https://pay.stripe.com/receipts/acct_1E4bfnKXBGcbgpbZ/ch_3JUusWKXBGcbgpbZ1utqEI2C/rcpt_K9DJD2lmGak1DbKOUpSgp0AN0sp1x1c",
                "refunded": false,
                "refunds": {
                  "object": "list",
                  "data": [

                  ],
                  "has_more": false,
                  "total_count": 0,
                  "url": "/v1/charges/ch_3JUusWKXBGcbgpbZ1utqEI2C/refunds"
                },
                "review": null,
                "shipping": null,
                "source": null,
                "source_transfer": null,
                "statement_descriptor": null,
                "statement_descriptor_suffix": null,
                "status": "succeeded",
                "transfer_data": null,
                "transfer_group": null
              }
            ],
            "has_more": false,
            "total_count": 1,
            "url": "/v1/charges?payment_intent=pi_3JUusWKXBGcbgpbZ1yUtoKiL"
          },
          "client_secret": "pi_3JUusWKXBGcbgpbZ1yUtoKiL_secret_tuXw8ZAq2dy500QYqU9O6Q4Sd",
          "confirmation_method": "automatic",
          "created": 1630508248,
          "currency": "usd",
          "customer": "cus_K9DJc3jPkpWE8r",
          "description": null,
          "invoice": null,
          "last_payment_error": null,
          "livemode": false,
          "metadata": {
          },
          "next_action": null,
          "on_behalf_of": null,
          "payment_method": "pm_1JUusVKXBGcbgpbZEFQ1Ug5w",
          "payment_method_options": {
            "card": {
              "installments": null,
              "network": null,
              "request_three_d_secure": "automatic"
            }
          },
          "payment_method_types": [
            "card"
          ],
          "receipt_email": null,
          "review": null,
          "setup_future_usage": null,
          "shipping": null,
          "source": null,
          "statement_descriptor": null,
          "statement_descriptor_suffix": null,
          "status": "succeeded",
          "transfer_data": null,
          "transfer_group": null
        }
  recorded_at: Wed, 01 Sep 2021 14:57:30 GMT
recorded_with: VCR 6.0.0
