---
http_interactions:
- request:
    method: post
    uri: https://api.stripe.com/v1/customers
    body:
      encoding: UTF-8
      string: email=johnny%40appleseed.com
    headers:
      User-Agent:
      - Stripe/v1 RubyBindings/5.30.0 PayRails/2.6.8 (https://github.com/pay-rails/pay)
      Authorization:
      - Bearer sk_test_ex0JDdQGDv6z2QmAIVQUOyE6
      Content-Type:
      - application/x-www-form-urlencoded
      X-Stripe-Client-Telemetry:
      - '{"last_request_metrics":{"request_id":"req_VIPmGUjdYmW4EV","request_duration_ms":0}}'
      Stripe-Version:
      - '2020-08-27'
      X-Stripe-Client-User-Agent:
      - '{"application":{"name":"PayRails","partner_id":"pp_partner_IqhY0UExnJYLxg","url":"https://github.com/pay-rails/pay","version":"2.6.8"},"bindings_version":"5.30.0","lang":"ruby","lang_version":"3.0.0
        p0 (2020-12-25)","platform":"x86_64-darwin20","engine":"ruby","publisher":"stripe","uname":"Darwin
        Chriss-iMac.local 20.3.0 Darwin Kernel Version 20.3.0: Thu Jan 21 00:07:06
        PST 2021; root:xnu-7195.81.3~1/RELEASE_X86_64 x86_64","hostname":"Chriss-iMac.local"}'
      Accept-Encoding:
      - gzip;q=1.0,deflate;q=0.6,identity;q=0.3
      Accept:
      - "*/*"
  response:
    status:
      code: 200
      message: OK
    headers:
      Server:
      - nginx
      Date:
      - Fri, 09 Apr 2021 17:39:55 GMT
      Content-Type:
      - application/json
      Content-Length:
      - '587'
      Connection:
      - keep-alive
      Access-Control-Allow-Credentials:
      - 'true'
      Access-Control-Allow-Methods:
      - GET, POST, HEAD, OPTIONS, DELETE
      Access-Control-Allow-Origin:
      - "*"
      Access-Control-Expose-Headers:
      - Request-Id, Stripe-Manage-Version, X-Stripe-External-Auth-Required, X-Stripe-Privileged-Session-Required
      Access-Control-Max-Age:
      - '300'
      Cache-Control:
      - no-cache, no-store
      Request-Id:
      - req_BsQ1KFEe0tKpOJ
      Stripe-Version:
      - '2020-08-27'
      X-Stripe-C-Cost:
      - '0'
      Strict-Transport-Security:
      - max-age=31556926; includeSubDomains; preload
    body:
      encoding: UTF-8
      string: |
        {
          "id": "cus_JGwBCHoS8sZXe7",
          "object": "customer",
          "address": null,
          "balance": 0,
          "created": 1617989995,
          "currency": null,
          "default_source": null,
          "delinquent": false,
          "description": null,
          "discount": null,
          "email": "johnny@appleseed.com",
          "invoice_prefix": "2CE9B9D4",
          "invoice_settings": {
            "custom_fields": null,
            "default_payment_method": null,
            "footer": null
          },
          "livemode": false,
          "metadata": {
          },
          "name": null,
          "next_invoice_sequence": 1,
          "phone": null,
          "preferred_locales": [

          ],
          "shipping": null,
          "tax_exempt": "none"
        }
  recorded_at: Fri, 09 Apr 2021 17:39:55 GMT
- request:
    method: get
    uri: https://api.stripe.com/v1/customers/cus_JGwBCHoS8sZXe7
    body:
      encoding: US-ASCII
      string: ''
    headers:
      User-Agent:
      - Stripe/v1 RubyBindings/5.30.0 PayRails/2.6.8 (https://github.com/pay-rails/pay)
      Authorization:
      - Bearer sk_test_ex0JDdQGDv6z2QmAIVQUOyE6
      Content-Type:
      - application/x-www-form-urlencoded
      X-Stripe-Client-Telemetry:
      - '{"last_request_metrics":{"request_id":"req_BsQ1KFEe0tKpOJ","request_duration_ms":465}}'
      Stripe-Version:
      - '2020-08-27'
      X-Stripe-Client-User-Agent:
      - '{"application":{"name":"PayRails","partner_id":"pp_partner_IqhY0UExnJYLxg","url":"https://github.com/pay-rails/pay","version":"2.6.8"},"bindings_version":"5.30.0","lang":"ruby","lang_version":"3.0.0
        p0 (2020-12-25)","platform":"x86_64-darwin20","engine":"ruby","publisher":"stripe","uname":"Darwin
        Chriss-iMac.local 20.3.0 Darwin Kernel Version 20.3.0: Thu Jan 21 00:07:06
        PST 2021; root:xnu-7195.81.3~1/RELEASE_X86_64 x86_64","hostname":"Chriss-iMac.local"}'
      Accept-Encoding:
      - gzip;q=1.0,deflate;q=0.6,identity;q=0.3
      Accept:
      - "*/*"
  response:
    status:
      code: 200
      message: OK
    headers:
      Server:
      - nginx
      Date:
      - Fri, 09 Apr 2021 17:39:55 GMT
      Content-Type:
      - application/json
      Content-Length:
      - '587'
      Connection:
      - keep-alive
      Access-Control-Allow-Credentials:
      - 'true'
      Access-Control-Allow-Methods:
      - GET, POST, HEAD, OPTIONS, DELETE
      Access-Control-Allow-Origin:
      - "*"
      Access-Control-Expose-Headers:
      - Request-Id, Stripe-Manage-Version, X-Stripe-External-Auth-Required, X-Stripe-Privileged-Session-Required
      Access-Control-Max-Age:
      - '300'
      Cache-Control:
      - no-cache, no-store
      Request-Id:
      - req_d2Vn3sdnqzCTR9
      Stripe-Version:
      - '2020-08-27'
      X-Stripe-C-Cost:
      - '0'
      Strict-Transport-Security:
      - max-age=31556926; includeSubDomains; preload
    body:
      encoding: UTF-8
      string: |
        {
          "id": "cus_JGwBCHoS8sZXe7",
          "object": "customer",
          "address": null,
          "balance": 0,
          "created": 1617989995,
          "currency": null,
          "default_source": null,
          "delinquent": false,
          "description": null,
          "discount": null,
          "email": "johnny@appleseed.com",
          "invoice_prefix": "2CE9B9D4",
          "invoice_settings": {
            "custom_fields": null,
            "default_payment_method": null,
            "footer": null
          },
          "livemode": false,
          "metadata": {
          },
          "name": null,
          "next_invoice_sequence": 1,
          "phone": null,
          "preferred_locales": [

          ],
          "shipping": null,
          "tax_exempt": "none"
        }
  recorded_at: Fri, 09 Apr 2021 17:39:55 GMT
- request:
    method: post
    uri: https://api.stripe.com/v1/payment_methods/pm_card_visa/attach
    body:
      encoding: UTF-8
      string: customer=cus_JGwBCHoS8sZXe7
    headers:
      User-Agent:
      - Stripe/v1 RubyBindings/5.30.0 PayRails/2.6.8 (https://github.com/pay-rails/pay)
      Authorization:
      - Bearer sk_test_ex0JDdQGDv6z2QmAIVQUOyE6
      Content-Type:
      - application/x-www-form-urlencoded
      X-Stripe-Client-Telemetry:
      - '{"last_request_metrics":{"request_id":"req_d2Vn3sdnqzCTR9","request_duration_ms":433}}'
      Stripe-Version:
      - '2020-08-27'
      X-Stripe-Client-User-Agent:
      - '{"application":{"name":"PayRails","partner_id":"pp_partner_IqhY0UExnJYLxg","url":"https://github.com/pay-rails/pay","version":"2.6.8"},"bindings_version":"5.30.0","lang":"ruby","lang_version":"3.0.0
        p0 (2020-12-25)","platform":"x86_64-darwin20","engine":"ruby","publisher":"stripe","uname":"Darwin
        Chriss-iMac.local 20.3.0 Darwin Kernel Version 20.3.0: Thu Jan 21 00:07:06
        PST 2021; root:xnu-7195.81.3~1/RELEASE_X86_64 x86_64","hostname":"Chriss-iMac.local"}'
      Accept-Encoding:
      - gzip;q=1.0,deflate;q=0.6,identity;q=0.3
      Accept:
      - "*/*"
  response:
    status:
      code: 200
      message: OK
    headers:
      Server:
      - nginx
      Date:
      - Fri, 09 Apr 2021 17:39:56 GMT
      Content-Type:
      - application/json
      Content-Length:
      - '943'
      Connection:
      - keep-alive
      Access-Control-Allow-Credentials:
      - 'true'
      Access-Control-Allow-Methods:
      - GET, POST, HEAD, OPTIONS, DELETE
      Access-Control-Allow-Origin:
      - "*"
      Access-Control-Expose-Headers:
      - Request-Id, Stripe-Manage-Version, X-Stripe-External-Auth-Required, X-Stripe-Privileged-Session-Required
      Access-Control-Max-Age:
      - '300'
      Cache-Control:
      - no-cache, no-store
      Request-Id:
      - req_Mv1etymwPPNd17
      Stripe-Version:
      - '2020-08-27'
      X-Stripe-C-Cost:
      - '2'
      Strict-Transport-Security:
      - max-age=31556926; includeSubDomains; preload
    body:
      encoding: UTF-8
      string: |
        {
          "id": "pm_1IeOJEKXBGcbgpbZ5uGpDw08",
          "object": "payment_method",
          "billing_details": {
            "address": {
              "city": null,
              "country": null,
              "line1": null,
              "line2": null,
              "postal_code": null,
              "state": null
            },
            "email": null,
            "name": null,
            "phone": null
          },
          "card": {
            "brand": "visa",
            "checks": {
              "address_line1_check": null,
              "address_postal_code_check": null,
              "cvc_check": null
            },
            "country": "US",
            "exp_month": 4,
            "exp_year": 2022,
            "fingerprint": "w4XDzQOFakih5EZM",
            "funding": "credit",
            "generated_from": null,
            "last4": "4242",
            "networks": {
              "available": [
                "visa"
              ],
              "preferred": null
            },
            "three_d_secure_usage": {
              "supported": true
            },
            "wallet": null
          },
          "created": 1617989996,
          "customer": "cus_JGwBCHoS8sZXe7",
          "livemode": false,
          "metadata": {
          },
          "type": "card"
        }
  recorded_at: Fri, 09 Apr 2021 17:39:56 GMT
- request:
    method: post
    uri: https://api.stripe.com/v1/customers/cus_JGwBCHoS8sZXe7
    body:
      encoding: UTF-8
      string: invoice_settings[default_payment_method]=pm_1IeOJEKXBGcbgpbZ5uGpDw08
    headers:
      User-Agent:
      - Stripe/v1 RubyBindings/5.30.0 PayRails/2.6.8 (https://github.com/pay-rails/pay)
      Authorization:
      - Bearer sk_test_ex0JDdQGDv6z2QmAIVQUOyE6
      Content-Type:
      - application/x-www-form-urlencoded
      X-Stripe-Client-Telemetry:
      - '{"last_request_metrics":{"request_id":"req_Mv1etymwPPNd17","request_duration_ms":776}}'
      Stripe-Version:
      - '2020-08-27'
      X-Stripe-Client-User-Agent:
      - '{"application":{"name":"PayRails","partner_id":"pp_partner_IqhY0UExnJYLxg","url":"https://github.com/pay-rails/pay","version":"2.6.8"},"bindings_version":"5.30.0","lang":"ruby","lang_version":"3.0.0
        p0 (2020-12-25)","platform":"x86_64-darwin20","engine":"ruby","publisher":"stripe","uname":"Darwin
        Chriss-iMac.local 20.3.0 Darwin Kernel Version 20.3.0: Thu Jan 21 00:07:06
        PST 2021; root:xnu-7195.81.3~1/RELEASE_X86_64 x86_64","hostname":"Chriss-iMac.local"}'
      Accept-Encoding:
      - gzip;q=1.0,deflate;q=0.6,identity;q=0.3
      Accept:
      - "*/*"
  response:
    status:
      code: 200
      message: OK
    headers:
      Server:
      - nginx
      Date:
      - Fri, 09 Apr 2021 17:39:57 GMT
      Content-Type:
      - application/json
      Content-Length:
      - '612'
      Connection:
      - keep-alive
      Access-Control-Allow-Credentials:
      - 'true'
      Access-Control-Allow-Methods:
      - GET, POST, HEAD, OPTIONS, DELETE
      Access-Control-Allow-Origin:
      - "*"
      Access-Control-Expose-Headers:
      - Request-Id, Stripe-Manage-Version, X-Stripe-External-Auth-Required, X-Stripe-Privileged-Session-Required
      Access-Control-Max-Age:
      - '300'
      Cache-Control:
      - no-cache, no-store
      Request-Id:
      - req_Np7EGD0KKhyJDY
      Stripe-Version:
      - '2020-08-27'
      X-Stripe-C-Cost:
      - '0'
      Strict-Transport-Security:
      - max-age=31556926; includeSubDomains; preload
    body:
      encoding: UTF-8
      string: |
        {
          "id": "cus_JGwBCHoS8sZXe7",
          "object": "customer",
          "address": null,
          "balance": 0,
          "created": 1617989995,
          "currency": null,
          "default_source": null,
          "delinquent": false,
          "description": null,
          "discount": null,
          "email": "johnny@appleseed.com",
          "invoice_prefix": "2CE9B9D4",
          "invoice_settings": {
            "custom_fields": null,
            "default_payment_method": "pm_1IeOJEKXBGcbgpbZ5uGpDw08",
            "footer": null
          },
          "livemode": false,
          "metadata": {
          },
          "name": null,
          "next_invoice_sequence": 1,
          "phone": null,
          "preferred_locales": [

          ],
          "shipping": null,
          "tax_exempt": "none"
        }
  recorded_at: Fri, 09 Apr 2021 17:39:56 GMT
- request:
    method: post
    uri: https://api.stripe.com/v1/invoiceitems
    body:
      encoding: UTF-8
      string: customer=cus_JGwBCHoS8sZXe7&amount=1000&currency=usd&description=One-time+setup+fee
    headers:
      User-Agent:
      - Stripe/v1 RubyBindings/5.30.0 PayRails/2.6.8 (https://github.com/pay-rails/pay)
      Authorization:
      - Bearer sk_test_ex0JDdQGDv6z2QmAIVQUOyE6
      Content-Type:
      - application/x-www-form-urlencoded
      X-Stripe-Client-Telemetry:
      - '{"last_request_metrics":{"request_id":"req_Np7EGD0KKhyJDY","request_duration_ms":412}}'
      Stripe-Version:
      - '2020-08-27'
      X-Stripe-Client-User-Agent:
      - '{"application":{"name":"PayRails","partner_id":"pp_partner_IqhY0UExnJYLxg","url":"https://github.com/pay-rails/pay","version":"2.6.8"},"bindings_version":"5.30.0","lang":"ruby","lang_version":"3.0.0
        p0 (2020-12-25)","platform":"x86_64-darwin20","engine":"ruby","publisher":"stripe","uname":"Darwin
        Chriss-iMac.local 20.3.0 Darwin Kernel Version 20.3.0: Thu Jan 21 00:07:06
        PST 2021; root:xnu-7195.81.3~1/RELEASE_X86_64 x86_64","hostname":"Chriss-iMac.local"}'
      Accept-Encoding:
      - gzip;q=1.0,deflate;q=0.6,identity;q=0.3
      Accept:
      - "*/*"
  response:
    status:
      code: 200
      message: OK
    headers:
      Server:
      - nginx
      Date:
      - Fri, 09 Apr 2021 17:39:57 GMT
      Content-Type:
      - application/json
      Content-Length:
      - '1021'
      Connection:
      - keep-alive
      Access-Control-Allow-Credentials:
      - 'true'
      Access-Control-Allow-Methods:
      - GET, POST, HEAD, OPTIONS, DELETE
      Access-Control-Allow-Origin:
      - "*"
      Access-Control-Expose-Headers:
      - Request-Id, Stripe-Manage-Version, X-Stripe-External-Auth-Required, X-Stripe-Privileged-Session-Required
      Access-Control-Max-Age:
      - '300'
      Cache-Control:
      - no-cache, no-store
      Request-Id:
      - req_R6Bhts2ayRSHeg
      Stripe-Version:
      - '2020-08-27'
      X-Stripe-C-Cost:
      - '0'
      Strict-Transport-Security:
      - max-age=31556926; includeSubDomains; preload
    body:
      encoding: UTF-8
      string: |
        {
          "id": "ii_1IeOJFKXBGcbgpbZDw7YgZfs",
          "object": "invoiceitem",
          "amount": 1000,
          "currency": "usd",
          "customer": "cus_JGwBCHoS8sZXe7",
          "date": 1617989997,
          "description": "One-time setup fee",
          "discountable": true,
          "discounts": [

          ],
          "invoice": null,
          "livemode": false,
          "metadata": {
          },
          "period": {
            "end": 1617989997,
            "start": 1617989997
          },
          "plan": null,
          "price": {
            "id": "price_1IeOJFKXBGcbgpbZpnMnfYCF",
            "object": "price",
            "active": false,
            "billing_scheme": "per_unit",
            "created": 1617989997,
            "currency": "usd",
            "livemode": false,
            "lookup_key": null,
            "metadata": {
            },
            "nickname": null,
            "product": "prod_JGwB8z6yoVRKSe",
            "recurring": null,
            "tiers_mode": null,
            "transform_quantity": null,
            "type": "one_time",
            "unit_amount": 1000,
            "unit_amount_decimal": "1000"
          },
          "proration": false,
          "quantity": 1,
          "subscription": null,
          "tax_rates": [

          ],
          "unit_amount": 1000,
          "unit_amount_decimal": "1000"
        }
  recorded_at: Fri, 09 Apr 2021 17:39:57 GMT
- request:
    method: post
    uri: https://api.stripe.com/v1/invoices
    body:
      encoding: UTF-8
      string: customer=cus_JGwBCHoS8sZXe7
    headers:
      User-Agent:
      - Stripe/v1 RubyBindings/5.30.0 PayRails/2.6.8 (https://github.com/pay-rails/pay)
      Authorization:
      - Bearer sk_test_ex0JDdQGDv6z2QmAIVQUOyE6
      Content-Type:
      - application/x-www-form-urlencoded
      X-Stripe-Client-Telemetry:
      - '{"last_request_metrics":{"request_id":"req_R6Bhts2ayRSHeg","request_duration_ms":466}}'
      Stripe-Version:
      - '2020-08-27'
      X-Stripe-Client-User-Agent:
      - '{"application":{"name":"PayRails","partner_id":"pp_partner_IqhY0UExnJYLxg","url":"https://github.com/pay-rails/pay","version":"2.6.8"},"bindings_version":"5.30.0","lang":"ruby","lang_version":"3.0.0
        p0 (2020-12-25)","platform":"x86_64-darwin20","engine":"ruby","publisher":"stripe","uname":"Darwin
        Chriss-iMac.local 20.3.0 Darwin Kernel Version 20.3.0: Thu Jan 21 00:07:06
        PST 2021; root:xnu-7195.81.3~1/RELEASE_X86_64 x86_64","hostname":"Chriss-iMac.local"}'
      Accept-Encoding:
      - gzip;q=1.0,deflate;q=0.6,identity;q=0.3
      Accept:
      - "*/*"
  response:
    status:
      code: 200
      message: OK
    headers:
      Server:
      - nginx
      Date:
      - Fri, 09 Apr 2021 17:39:58 GMT
      Content-Type:
      - application/json
      Content-Length:
      - '3356'
      Connection:
      - keep-alive
      Access-Control-Allow-Credentials:
      - 'true'
      Access-Control-Allow-Methods:
      - GET, POST, HEAD, OPTIONS, DELETE
      Access-Control-Allow-Origin:
      - "*"
      Access-Control-Expose-Headers:
      - Request-Id, Stripe-Manage-Version, X-Stripe-External-Auth-Required, X-Stripe-Privileged-Session-Required
      Access-Control-Max-Age:
      - '300'
      Cache-Control:
      - no-cache, no-store
      Request-Id:
      - req_hIQQDRYZgfDkSW
      Stripe-Version:
      - '2020-08-27'
      X-Stripe-C-Cost:
      - '0'
      Strict-Transport-Security:
      - max-age=31556926; includeSubDomains; preload
    body:
      encoding: UTF-8
      string: |
        {
          "id": "in_1IeOJFKXBGcbgpbZugWFRVo7",
          "object": "invoice",
          "account_country": "US",
          "account_name": "Pay",
          "account_tax_ids": null,
          "amount_due": 1000,
          "amount_paid": 0,
          "amount_remaining": 1000,
          "application_fee_amount": null,
          "attempt_count": 0,
          "attempted": false,
          "auto_advance": false,
          "billing_reason": "manual",
          "charge": null,
          "collection_method": "charge_automatically",
          "created": 1617989997,
          "currency": "usd",
          "custom_fields": null,
          "customer": "cus_JGwBCHoS8sZXe7",
          "customer_address": null,
          "customer_email": "johnny@appleseed.com",
          "customer_name": null,
          "customer_phone": null,
          "customer_shipping": null,
          "customer_tax_exempt": "none",
          "customer_tax_ids": [

          ],
          "default_payment_method": null,
          "default_source": null,
          "default_tax_rates": [

          ],
          "description": null,
          "discount": null,
          "discounts": [

          ],
          "due_date": null,
          "ending_balance": null,
          "footer": null,
          "hosted_invoice_url": null,
          "invoice_pdf": null,
          "last_finalization_error": null,
          "lines": {
            "object": "list",
            "data": [
              {
                "id": "il_1IeOJFKXBGcbgpbZsGgYhomP",
                "object": "line_item",
                "amount": 1000,
                "currency": "usd",
                "description": "One-time setup fee",
                "discount_amounts": [

                ],
                "discountable": true,
                "discounts": [

                ],
                "invoice_item": "ii_1IeOJFKXBGcbgpbZDw7YgZfs",
                "livemode": false,
                "metadata": {
                },
                "period": {
                  "end": 1617989997,
                  "start": 1617989997
                },
                "plan": null,
                "price": {
                  "id": "price_1IeOJFKXBGcbgpbZpnMnfYCF",
                  "object": "price",
                  "active": false,
                  "billing_scheme": "per_unit",
                  "created": 1617989997,
                  "currency": "usd",
                  "livemode": false,
                  "lookup_key": null,
                  "metadata": {
                  },
                  "nickname": null,
                  "product": "prod_JGwB8z6yoVRKSe",
                  "recurring": null,
                  "tiers_mode": null,
                  "transform_quantity": null,
                  "type": "one_time",
                  "unit_amount": 1000,
                  "unit_amount_decimal": "1000"
                },
                "proration": false,
                "quantity": 1,
                "subscription": null,
                "tax_amounts": [

                ],
                "tax_rates": [

                ],
                "type": "invoiceitem"
              }
            ],
            "has_more": false,
            "total_count": 1,
            "url": "/v1/invoices/in_1IeOJFKXBGcbgpbZugWFRVo7/lines"
          },
          "livemode": false,
          "metadata": {
          },
          "next_payment_attempt": null,
          "number": null,
          "on_behalf_of": null,
          "paid": false,
          "payment_intent": null,
          "payment_settings": {
            "payment_method_options": null,
            "payment_method_types": null
          },
          "period_end": 1617989997,
          "period_start": 1617989997,
          "post_payment_credit_notes_amount": 0,
          "pre_payment_credit_notes_amount": 0,
          "receipt_number": null,
          "starting_balance": 0,
          "statement_descriptor": null,
          "status": "draft",
          "status_transitions": {
            "finalized_at": null,
            "marked_uncollectible_at": null,
            "paid_at": null,
            "voided_at": null
          },
          "subscription": null,
          "subtotal": 1000,
          "tax": null,
          "total": 1000,
          "total_discount_amounts": [

          ],
          "total_tax_amounts": [

          ],
          "transfer_data": null,
          "webhooks_delivered_at": null
        }
  recorded_at: Fri, 09 Apr 2021 17:39:57 GMT
- request:
    method: post
    uri: https://api.stripe.com/v1/invoices/in_1IeOJFKXBGcbgpbZugWFRVo7/pay
    body:
      encoding: US-ASCII
      string: ''
    headers:
      User-Agent:
      - Stripe/v1 RubyBindings/5.30.0 PayRails/2.6.8 (https://github.com/pay-rails/pay)
      Authorization:
      - Bearer sk_test_ex0JDdQGDv6z2QmAIVQUOyE6
      Content-Type:
      - application/x-www-form-urlencoded
      X-Stripe-Client-Telemetry:
      - '{"last_request_metrics":{"request_id":"req_hIQQDRYZgfDkSW","request_duration_ms":594}}'
      Stripe-Version:
      - '2020-08-27'
      X-Stripe-Client-User-Agent:
      - '{"application":{"name":"PayRails","partner_id":"pp_partner_IqhY0UExnJYLxg","url":"https://github.com/pay-rails/pay","version":"2.6.8"},"bindings_version":"5.30.0","lang":"ruby","lang_version":"3.0.0
        p0 (2020-12-25)","platform":"x86_64-darwin20","engine":"ruby","publisher":"stripe","uname":"Darwin
        Chriss-iMac.local 20.3.0 Darwin Kernel Version 20.3.0: Thu Jan 21 00:07:06
        PST 2021; root:xnu-7195.81.3~1/RELEASE_X86_64 x86_64","hostname":"Chriss-iMac.local"}'
      Accept-Encoding:
      - gzip;q=1.0,deflate;q=0.6,identity;q=0.3
      Accept:
      - "*/*"
  response:
    status:
      code: 200
      message: OK
    headers:
      Server:
      - nginx
      Date:
      - Fri, 09 Apr 2021 17:40:00 GMT
      Content-Type:
      - application/json
      Content-Length:
      - '3601'
      Connection:
      - keep-alive
      Access-Control-Allow-Credentials:
      - 'true'
      Access-Control-Allow-Methods:
      - GET, POST, HEAD, OPTIONS, DELETE
      Access-Control-Allow-Origin:
      - "*"
      Access-Control-Expose-Headers:
      - Request-Id, Stripe-Manage-Version, X-Stripe-External-Auth-Required, X-Stripe-Privileged-Session-Required
      Access-Control-Max-Age:
      - '300'
      Cache-Control:
      - no-cache, no-store
      Request-Id:
      - req_VL16qbLE6bWgyn
      Stripe-Version:
      - '2020-08-27'
      X-Stripe-C-Cost:
      - '5'
      Strict-Transport-Security:
      - max-age=31556926; includeSubDomains; preload
    body:
      encoding: UTF-8
      string: |
        {
          "id": "in_1IeOJFKXBGcbgpbZugWFRVo7",
          "object": "invoice",
          "account_country": "US",
          "account_name": "Pay",
          "account_tax_ids": null,
          "amount_due": 1000,
          "amount_paid": 1000,
          "amount_remaining": 0,
          "application_fee_amount": null,
          "attempt_count": 1,
          "attempted": true,
          "auto_advance": false,
          "billing_reason": "manual",
          "charge": "ch_1IeOJHKXBGcbgpbZzHoAEP0w",
          "collection_method": "charge_automatically",
          "created": 1617989997,
          "currency": "usd",
          "custom_fields": null,
          "customer": "cus_JGwBCHoS8sZXe7",
          "customer_address": null,
          "customer_email": "johnny@appleseed.com",
          "customer_name": null,
          "customer_phone": null,
          "customer_shipping": null,
          "customer_tax_exempt": "none",
          "customer_tax_ids": [

          ],
          "default_payment_method": null,
          "default_source": null,
          "default_tax_rates": [

          ],
          "description": null,
          "discount": null,
          "discounts": [

          ],
          "due_date": null,
          "ending_balance": 0,
          "footer": null,
          "hosted_invoice_url": "https://invoice.stripe.com/i/acct_1E4bfnKXBGcbgpbZ/invst_JGwBxBs2Ywh0hF8WQ6V7u16MK6xilhk",
          "invoice_pdf": "https://pay.stripe.com/invoice/acct_1E4bfnKXBGcbgpbZ/invst_JGwBxBs2Ywh0hF8WQ6V7u16MK6xilhk/pdf",
          "last_finalization_error": null,
          "lines": {
            "object": "list",
            "data": [
              {
                "id": "il_1IeOJFKXBGcbgpbZsGgYhomP",
                "object": "line_item",
                "amount": 1000,
                "currency": "usd",
                "description": "One-time setup fee",
                "discount_amounts": [

                ],
                "discountable": true,
                "discounts": [

                ],
                "invoice_item": "ii_1IeOJFKXBGcbgpbZDw7YgZfs",
                "livemode": false,
                "metadata": {
                },
                "period": {
                  "end": 1617989997,
                  "start": 1617989997
                },
                "plan": null,
                "price": {
                  "id": "price_1IeOJFKXBGcbgpbZpnMnfYCF",
                  "object": "price",
                  "active": false,
                  "billing_scheme": "per_unit",
                  "created": 1617989997,
                  "currency": "usd",
                  "livemode": false,
                  "lookup_key": null,
                  "metadata": {
                  },
                  "nickname": null,
                  "product": "prod_JGwB8z6yoVRKSe",
                  "recurring": null,
                  "tiers_mode": null,
                  "transform_quantity": null,
                  "type": "one_time",
                  "unit_amount": 1000,
                  "unit_amount_decimal": "1000"
                },
                "proration": false,
                "quantity": 1,
                "subscription": null,
                "tax_amounts": [

                ],
                "tax_rates": [

                ],
                "type": "invoiceitem"
              }
            ],
            "has_more": false,
            "total_count": 1,
            "url": "/v1/invoices/in_1IeOJFKXBGcbgpbZugWFRVo7/lines"
          },
          "livemode": false,
          "metadata": {
          },
          "next_payment_attempt": null,
          "number": "2CE9B9D4-0001",
          "on_behalf_of": null,
          "paid": true,
          "payment_intent": "pi_1IeOJGKXBGcbgpbZ5kqnBfWo",
          "payment_settings": {
            "payment_method_options": null,
            "payment_method_types": null
          },
          "period_end": 1617989997,
          "period_start": 1617989997,
          "post_payment_credit_notes_amount": 0,
          "pre_payment_credit_notes_amount": 0,
          "receipt_number": null,
          "starting_balance": 0,
          "statement_descriptor": null,
          "status": "paid",
          "status_transitions": {
            "finalized_at": 1617989998,
            "marked_uncollectible_at": null,
            "paid_at": 1617989998,
            "voided_at": null
          },
          "subscription": null,
          "subtotal": 1000,
          "tax": null,
          "total": 1000,
          "total_discount_amounts": [

          ],
          "total_tax_amounts": [

          ],
          "transfer_data": null,
          "webhooks_delivered_at": null
        }
  recorded_at: Fri, 09 Apr 2021 17:39:59 GMT
recorded_with: VCR 6.0.0
